// Jest Snapshot v1, https://goo.gl/fbAQLP

exports[`<Header /> component should match snapshot 1`] = `
<div>
  <header>
    <div
      class="logo__container"
    >
      <img
        alt="incode logo"
        src="./images/logo.svg"
        width="200"
      />
      <span>
        finance
      </span>
    </div>
  </header>
</div>
`;
